[designreset.com/cork/ltr/demo4/index.html]
[backblue.gif]
[fade.gif]
[index.html]
[designreset.com/cork/ltr/demo4/assets/img/favicon.ico]
[designreset.com/cork/ltr/demo4/assets/js/loader.js]
[designreset.com/cork/ltr/demo4/index-2.html]
[designreset.com/cork/ltr/demo4/assets/img/ca.png]
[designreset.com/cork/ltr/demo4/assets/img/de.png]
[designreset.com/cork/ltr/demo4/assets/img/jp.png]
[designreset.com/cork/ltr/demo4/assets/img/fr.png]
[designreset.com/cork/ltr/demo4/assets/img/profile-11.jpg]
[designreset.com/cork/ltr/demo4/assets/img/profile-16.jpg]
[designreset.com/cork/ltr/demo4/assets/img/profile-34.jpg]
[designreset.com/cork/ltr/demo4/user_profile.html]
[designreset.com/cork/ltr/demo4/apps_mailbox.html]
[designreset.com/cork/ltr/demo4/auth_lockscreen.html]
[designreset.com/cork/ltr/demo4/auth_login.html]
[designreset.com/cork/ltr/demo4/index2.html]
[designreset.com/cork/ltr/demo4/apps_chat.html]
[designreset.com/cork/ltr/demo4/apps_todoList.html]
[designreset.com/cork/ltr/demo4/apps_notes.html]
[designreset.com/cork/ltr/demo4/apps_scrumboard.html]
[designreset.com/cork/ltr/demo4/apps_contacts.html]
[designreset.com/cork/ltr/demo4/apps_calendar.html]
[designreset.com/cork/ltr/demo4/apps_invoice.html]
[designreset.com/cork/ltr/demo4/component_tabs.html]
[designreset.com/cork/ltr/demo4/component_accordion.html]
[designreset.com/cork/ltr/demo4/component_modal.html]
[designreset.com/cork/ltr/demo4/component_cards.html]
[designreset.com/cork/ltr/demo4/component_bootstrap_carousel.html]
[designreset.com/cork/ltr/demo4/component_blockui.html]
[designreset.com/cork/ltr/demo4/component_countdown.html]
[designreset.com/cork/ltr/demo4/component_counter.html]
[designreset.com/cork/ltr/demo4/component_timeline.html]
[designreset.com/cork/ltr/demo4/component_sweetalert.html]
[designreset.com/cork/ltr/demo4/component_snackbar.html]
[designreset.com/cork/ltr/demo4/component_session_timeout.html]
[designreset.com/cork/ltr/demo4/component_media_object.html]
[designreset.com/cork/ltr/demo4/component_list_group.html]
[designreset.com/cork/ltr/demo4/component_pricing_table.html]
[designreset.com/cork/ltr/demo4/component_lightbox.html]
[designreset.com/cork/ltr/demo4/element_avatar.html]
[designreset.com/cork/ltr/demo4/element_alerts.html]
[designreset.com/cork/ltr/demo4/element_badges.html]
[designreset.com/cork/ltr/demo4/element_breadcrumbs.html]
[designreset.com/cork/ltr/demo4/element_buttons.html]
[designreset.com/cork/ltr/demo4/element_buttons_group.html]
[designreset.com/cork/ltr/demo4/element_color_library.html]
[designreset.com/cork/ltr/demo4/element_dropdown.html]
[designreset.com/cork/ltr/demo4/element_infobox.html]
[designreset.com/cork/ltr/demo4/element_jumbotron.html]
[designreset.com/cork/ltr/demo4/element_loader.html]
[designreset.com/cork/ltr/demo4/element_pagination.html]
[designreset.com/cork/ltr/demo4/element_popovers.html]
[designreset.com/cork/ltr/demo4/element_progress_bar.html]
[designreset.com/cork/ltr/demo4/element_search.html]
[designreset.com/cork/ltr/demo4/element_tooltips.html]
[designreset.com/cork/ltr/demo4/element_treeview.html]
[designreset.com/cork/ltr/demo4/element_typography.html]
[designreset.com/cork/ltr/demo4/fonticons.html]
[designreset.com/cork/ltr/demo4/widgets.html]
[designreset.com/cork/ltr/demo4/table_basic.html]
[designreset.com/cork/ltr/demo4/table_dt_basic.html]
[designreset.com/cork/ltr/demo4/table_dt_basic-dark.html]
[designreset.com/cork/ltr/demo4/table_dt_ordering_sorting.html]
[designreset.com/cork/ltr/demo4/table_dt_multi-column_ordering.html]
[designreset.com/cork/ltr/demo4/table_dt_multiple_tables.html]
[designreset.com/cork/ltr/demo4/table_dt_alternative_pagination.html]
[designreset.com/cork/ltr/demo4/table_dt_custom.html]
[designreset.com/cork/ltr/demo4/table_dt_range_search.html]
[designreset.com/cork/ltr/demo4/table_dt_html5.html]
[designreset.com/cork/ltr/demo4/table_dt_live_dom_ordering.html]
[designreset.com/cork/ltr/demo4/table_dt_miscellaneous.html]
[designreset.com/cork/ltr/demo4/form_bootstrap_basic.html]
[designreset.com/cork/ltr/demo4/form_input_group_basic.html]
[designreset.com/cork/ltr/demo4/form_layouts.html]
[designreset.com/cork/ltr/demo4/form_validation.html]
[designreset.com/cork/ltr/demo4/form_input_mask.html]
[designreset.com/cork/ltr/demo4/form_bootstrap_select.html]
[designreset.com/cork/ltr/demo4/form_select2.html]
[designreset.com/cork/ltr/demo4/form_bootstrap_touchspin.html]
[designreset.com/cork/ltr/demo4/form_maxlength.html]
[designreset.com/cork/ltr/demo4/form_checkbox_radio.html]
[designreset.com/cork/ltr/demo4/form_switches.html]
[designreset.com/cork/ltr/demo4/form_wizard.html]
[designreset.com/cork/ltr/demo4/form_fileupload.html]
[designreset.com/cork/ltr/demo4/form_quill.html]
[designreset.com/cork/ltr/demo4/form_markdown.html]
[designreset.com/cork/ltr/demo4/form_date_range_picker.html]
[designreset.com/cork/ltr/demo4/form_clipboard.html]
[designreset.com/cork/ltr/demo4/form_typeahead.html]
[designreset.com/cork/ltr/demo4/user_account_setting.html]
[designreset.com/cork/ltr/demo4/pages_helpdesk.html]
[designreset.com/cork/ltr/demo4/pages_contact_us.html]
[designreset.com/cork/ltr/demo4/pages_faq.html]
[designreset.com/cork/ltr/demo4/pages_faq2.html]
[designreset.com/cork/ltr/demo4/pages_privacy.html]
[designreset.com/cork/ltr/demo4/pages_coming_soon.html]
[designreset.com/cork/ltr/demo4/pages_error404.html]
[designreset.com/cork/ltr/demo4/pages_error500.html]
[designreset.com/cork/ltr/demo4/pages_error503.html]
[designreset.com/cork/ltr/demo4/pages_maintenence.html]
[designreset.com/cork/ltr/demo4/auth_login_boxed.html]
[designreset.com/cork/ltr/demo4/auth_register_boxed.html]
[designreset.com/cork/ltr/demo4/auth_lockscreen_boxed.html]
[designreset.com/cork/ltr/demo4/auth_pass_recovery_boxed.html]
[designreset.com/cork/ltr/demo4/auth_register.html]
[designreset.com/cork/ltr/demo4/auth_pass_recovery.html]
[designreset.com/cork/ltr/demo4/dragndrop_dragula.html]
[designreset.com/cork/ltr/demo4/map_jvector.html]
[designreset.com/cork/ltr/demo4/charts_apex.html]
[designreset.com/cork/ltr/demo4/starter_kit_blank_page.html]
[designreset.com/cork/ltr/demo4/starter_kit_breadcrumbs.html]
[designreset.com/cork/ltr/demo4/starter_kit_boxed.html]
[designreset.com/cork/ltr/demo4/starter_kit_alt_menu.html]
[designreset.com/cork/ltr/demo4/assets/img/profile-7.jpg]
[designreset.com/cork/ltr/demo4/assets/img/profile-4.jpg]
[designreset.com/cork/ltr/demo4/assets/img/profile-10.jpg]
[designreset.com/cork/ltr/demo4/assets/img/profile-13.jpg]
[designreset.com/cork/ltr/demo4/assets/img/profile-5.jpg]
[designreset.com/cork/ltr/demo4/assets/img/profile-6.jpg]
[designreset.com/cork/ltr/demo4/assets/img/speaker.jpg]
[designreset.com/cork/ltr/demo4/assets/img/sunglass.jpg]
[designreset.com/cork/ltr/demo4/assets/img/watch.jpg]
[designreset.com/cork/ltr/demo4/assets/img/laptop.jpg]
[designreset.com/cork/ltr/demo4/assets/img/camera.jpg]
[designreset.com/cork/ltr/demo4/assets/img/shoes.jpg]
[designreset.com/cork/ltr/demo4/assets/img/headphones.jpg]
[designreset.com/cork/ltr/demo4/assets/js/libs/jquery-3.1.1.min.js]
[designreset.com/cork/ltr/demo4/bootstrap/js/popper.min.js]
[designreset.com/cork/ltr/demo4/bootstrap/js/bootstrap.min.js]
[designreset.com/cork/ltr/demo4/plugins/perfect-scrollbar/perfect-scrollbar.min.js]
[designreset.com/cork/ltr/demo4/assets/js/app.js]
[designreset.com/cork/ltr/demo4/assets/js/custom.js]
[designreset.com/cork/ltr/demo4/plugins/apex/apexcharts.min.js]
[designreset.com/cork/ltr/demo4/assets/js/dashboard/dash_1.js]
[designreset.com/cork/ltr/demo4/index.html]
[designreset.com/cork/ltr/demo4/assets/css/loader.css]
[designreset.com/cork/ltr/demo4/bootstrap/css/bootstrap.min.css]
[designreset.com/cork/ltr/demo4/assets/css/plugins.css]
[designreset.com/cork/ltr/demo4/plugins/apex/apexcharts.css]
[designreset.com/cork/ltr/demo4/assets/css/dashboard/dash_1.css]
[designreset.com/cork/ltr/demo4/index-2.html]
[designreset.com/cork/ltr/demo4/assets/img/MAR.png]
[designreset.com/cork/ltr/demo4/assets/img/profile-3.jpg]
[designreset.com/cork/ltr/demo4/user_profile.html]
[designreset.com/cork/ltr/demo4/plugins/sweetalerts/promise-polyfill.js]
[designreset.com/cork/ltr/demo4/assets/img/profile-19.jpg]
[designreset.com/cork/ltr/demo4/assets/img/profile-31.jpg]
[designreset.com/cork/ltr/demo4/assets/img/profile-17.jpg]
[designreset.com/cork/ltr/demo4/assets/img/profile-23.jpg]
[designreset.com/cork/ltr/demo4/assets/img/profile-18.jpg]
[designreset.com/cork/ltr/demo4/assets/img/profile-15.jpg]
[designreset.com/cork/ltr/demo4/assets/img/scroll-6.jpg]
[designreset.com/cork/ltr/demo4/assets/img/scroll-7.jpg]
[designreset.com/cork/ltr/demo4/assets/img/scroll-8.jpg]
[designreset.com/cork/ltr/demo4/assets/img/profile-28.jpg]
[designreset.com/cork/ltr/demo4/assets/js/ie11fix/fn.fix-padStart.js]
[designreset.com/cork/ltr/demo4/plugins/editors/quill/quill.js]
[designreset.com/cork/ltr/demo4/plugins/sweetalerts/sweetalert2.min.js]
[designreset.com/cork/ltr/demo4/plugins/notification/snackbar/snackbar.min.js]
[designreset.com/cork/ltr/demo4/assets/js/apps/custom-mailbox.js]
[designreset.com/cork/ltr/demo4/apps_mailbox.html]
[designreset.com/cork/ltr/demo4/assets/js/authentication/form-1.js]
[designreset.com/cork/ltr/demo4/auth_lockscreen.html]
[designreset.com/cork/ltr/demo4/auth_login.html]
[designreset.com/cork/ltr/demo4/assets/img/profile-32.jpg]
[designreset.com/cork/ltr/demo4/assets/img/g-8.png]
[designreset.com/cork/ltr/demo4/assets/img/profile-8.jpg]
[designreset.com/cork/ltr/demo4/assets/js/dashboard/dash_2.js]
[designreset.com/cork/ltr/demo4/index2.html]
[designreset.com/cork/ltr/demo4/assets/img/profile-33.jpg]
[designreset.com/cork/ltr/demo4/assets/img/profile-21.jpg]
[designreset.com/cork/ltr/demo4/assets/img/profile-12.jpg]
[designreset.com/cork/ltr/demo4/assets/img/profile-26.jpg]
[designreset.com/cork/ltr/demo4/assets/img/profile-20.jpg]
[designreset.com/cork/ltr/demo4/assets/img/90x90.jpg]
[designreset.com/cork/ltr/demo4/assets/img/video-chat.jpg]
[designreset.com/cork/ltr/demo4/assets/js/apps/mailbox-chat.js]
[designreset.com/cork/ltr/demo4/apps_chat.html]
[designreset.com/cork/ltr/demo4/assets/js/apps/todoList.js]
[designreset.com/cork/ltr/demo4/apps_todoList.html]
[designreset.com/cork/ltr/demo4/assets/js/apps/notes.js]
[designreset.com/cork/ltr/demo4/apps_notes.html]
[designreset.com/cork/ltr/demo4/assets/img/taskboard.jpg]
[designreset.com/cork/ltr/demo4/plugins/jquery-ui/jquery-ui.min.js]
[designreset.com/cork/ltr/demo4/assets/js/apps/scrumboard.js]
[designreset.com/cork/ltr/demo4/apps_scrumboard.html]
[designreset.com/cork/ltr/demo4/assets/img/profile-29.jpg]
[designreset.com/cork/ltr/demo4/assets/js/apps/contact.js]
[designreset.com/cork/ltr/demo4/apps_contacts.html]
[designreset.com/cork/ltr/demo4/assets/js/apps/invoice.js]
[designreset.com/cork/ltr/demo4/apps_invoice.html]
[designreset.com/cork/ltr/demo4/plugins/fullcalendar/moment.min.js]
[designreset.com/cork/ltr/demo4/plugins/flatpickr/flatpickr.js]
[designreset.com/cork/ltr/demo4/plugins/fullcalendar/fullcalendar.min.js]
[designreset.com/cork/ltr/demo4/plugins/fullcalendar/custom-fullcalendar.advance.js]
[designreset.com/cork/ltr/demo4/apps_calendar.html]
[designreset.com/cork/ltr/demo4/plugins/highlight/highlight.pack.js]
[designreset.com/cork/ltr/demo4/assets/js/scrollspyNav.js]
[designreset.com/cork/ltr/demo4/component_tabs.html]
[designreset.com/cork/ltr/demo4/assets/js/components/ui-accordions.js]
[designreset.com/cork/ltr/demo4/component_accordion.html]
[designreset.com/cork/ltr/demo4/assets/img/profile-2.jpg]
[designreset.com/cork/ltr/demo4/assets/img/slider-1.jpg]
[designreset.com/cork/ltr/demo4/assets/img/slider-2.jpg]
[designreset.com/cork/ltr/demo4/assets/img/slider-3.jpg]
[designreset.com/cork/ltr/demo4/component_modal.html]
[designreset.com/cork/ltr/demo4/assets/img/grid-blog-style-3.jpg]
[designreset.com/cork/ltr/demo4/plugins/blockui/jquery.blockUI.min.js]
[designreset.com/cork/ltr/demo4/component_cards.html]
[designreset.com/cork/ltr/demo4/assets/img/1.jpg]
[designreset.com/cork/ltr/demo4/assets/img/3.jpg]
[designreset.com/cork/ltr/demo4/assets/img/2.jpg]
[designreset.com/cork/ltr/demo4/component_bootstrap_carousel.html]
[designreset.com/cork/ltr/demo4/plugins/blockui/custom-blockui.js]
[designreset.com/cork/ltr/demo4/component_blockui.html]
[designreset.com/cork/ltr/demo4/plugins/countdown/jquery.countdown.min.js]
[designreset.com/cork/ltr/demo4/assets/js/components/custom-countdown.js]
[designreset.com/cork/ltr/demo4/component_countdown.html]
[designreset.com/cork/ltr/demo4/plugins/counter/jquery.countTo.js]
[designreset.com/cork/ltr/demo4/assets/js/components/custom-counter.js]
[designreset.com/cork/ltr/demo4/component_counter.html]
[designreset.com/cork/ltr/demo4/plugins/sweetalerts/custom-sweetalert.js]
[designreset.com/cork/ltr/demo4/component_sweetalert.html]
[designreset.com/cork/ltr/demo4/assets/img/profile-25.jpg]
[designreset.com/cork/ltr/demo4/assets/img/grid-blog-style-2.jpg]
[designreset.com/cork/ltr/demo4/assets/img/grid-blog-style-1.jpg]
[designreset.com/cork/ltr/demo4/assets/img/list-blog-style-2.jpg]
[designreset.com/cork/ltr/demo4/assets/img/tl-5.jpg]
[designreset.com/cork/ltr/demo4/assets/img/tl-2.jpg]
[designreset.com/cork/ltr/demo4/assets/img/tl-3.jpg]
[designreset.com/cork/ltr/demo4/assets/img/tl-4.jpg]
[designreset.com/cork/ltr/demo4/component_timeline.html]
[designreset.com/cork/ltr/demo4/assets/js/components/notification/custom-snackbar.js]
[designreset.com/cork/ltr/demo4/component_snackbar.html]
[designreset.com/cork/ltr/demo4/assets/js/components/session-timeout/bootstrap-session-timeout.js]
[designreset.com/cork/ltr/demo4/assets/js/components/session-timeout/custom-bootstrap_session_timeout.js]
[designreset.com/cork/ltr/demo4/component_session_timeout.html]
[designreset.com/cork/ltr/demo4/component_media_object.html]
[designreset.com/cork/ltr/demo4/assets/img/profile-1.jpg]
[designreset.com/cork/ltr/demo4/component_list_group.html]
[designreset.com/cork/ltr/demo4/component_pricing_table.html]
[designreset.com/cork/ltr/demo4/assets/img/lightbox-1.jpg]
[designreset.com/cork/ltr/demo4/assets/img/lightbox-8.jpg]
[designreset.com/cork/ltr/demo4/assets/img/lightbox-3.jpg]
[designreset.com/cork/ltr/demo4/assets/img/lightbox-2.jpg]
[designreset.com/cork/ltr/demo4/assets/img/lightbox-14.jpg]
[designreset.com/cork/ltr/demo4/assets/img/lightbox-15.jpg]
[designreset.com/cork/ltr/demo4/plugins/lightbox/photoswipe.min.js]
[designreset.com/cork/ltr/demo4/plugins/lightbox/photoswipe-ui-default.min.js]
[designreset.com/cork/ltr/demo4/plugins/lightbox/custom-photswipe.js]
[designreset.com/cork/ltr/demo4/component_lightbox.html]
[designreset.com/cork/ltr/demo4/element_alerts.html]
[designreset.com/cork/ltr/demo4/element_avatar.html]
[designreset.com/cork/ltr/demo4/assets/img/delete-user-4.jpg]
[designreset.com/cork/ltr/demo4/assets/img/delete-user-17.jpg]
[designreset.com/cork/ltr/demo4/plugins/tagInput/tags-input.js]
[designreset.com/cork/ltr/demo4/element_badges.html]
[designreset.com/cork/ltr/demo4/element_breadcrumbs.html]
[designreset.com/cork/ltr/demo4/element_buttons.html]
[designreset.com/cork/ltr/demo4/element_buttons_group.html]
[designreset.com/cork/ltr/demo4/element_color_library.html]
[designreset.com/cork/ltr/demo4/element_dropdown.html]
[designreset.com/cork/ltr/demo4/element_infobox.html]
[designreset.com/cork/ltr/demo4/element_jumbotron.html]
[designreset.com/cork/ltr/demo4/element_loader.html]
[designreset.com/cork/ltr/demo4/element_pagination.html]
[designreset.com/cork/ltr/demo4/assets/js/elements/popovers.js]
[designreset.com/cork/ltr/demo4/element_popovers.html]
[designreset.com/cork/ltr/demo4/element_progress_bar.html]
[designreset.com/cork/ltr/demo4/assets/js/elements/custom-search.js]
[designreset.com/cork/ltr/demo4/element_search.html]
[designreset.com/cork/ltr/demo4/assets/js/elements/tooltip.js]
[designreset.com/cork/ltr/demo4/element_tooltips.html]
[designreset.com/cork/ltr/demo4/plugins/treeview/custom-jstree.js]
[designreset.com/cork/ltr/demo4/element_treeview.html]
[designreset.com/cork/ltr/demo4/element_typography.html]
[designreset.com/cork/ltr/demo4/plugins/font-icons/feather/feather.min.js]
[designreset.com/cork/ltr/demo4/fonticons.html]
[designreset.com/cork/ltr/demo4/assets/js/widgets/modules-widgets.js]
[designreset.com/cork/ltr/demo4/widgets.html]
[designreset.com/cork/ltr/demo4/assets/img/boy.png]
[designreset.com/cork/ltr/demo4/assets/img/girl-1.png]
[designreset.com/cork/ltr/demo4/assets/img/girl-2.png]
[designreset.com/cork/ltr/demo4/assets/img/boy-2.png]
[designreset.com/cork/ltr/demo4/table_basic.html]
[designreset.com/cork/ltr/demo4/plugins/table/datatable/datatables.js]
[designreset.com/cork/ltr/demo4/table_dt_basic.html]
[designreset.com/cork/ltr/demo4/table_dt_basic-dark.html]
[designreset.com/cork/ltr/demo4/table_dt_ordering_sorting.html]
[designreset.com/cork/ltr/demo4/assets/img/girl-3.png]
[designreset.com/cork/ltr/demo4/assets/img/girl-4.png]
[designreset.com/cork/ltr/demo4/table_dt_multi-column_ordering.html]
[designreset.com/cork/ltr/demo4/table_dt_multiple_tables.html]
[designreset.com/cork/ltr/demo4/table_dt_alternative_pagination.html]
[designreset.com/cork/ltr/demo4/assets/img/profile-9.jpg]
[designreset.com/cork/ltr/demo4/assets/img/profile-14.jpg]
[designreset.com/cork/ltr/demo4/assets/img/profile-22.jpg]
[designreset.com/cork/ltr/demo4/assets/img/profile-24.jpg]
[designreset.com/cork/ltr/demo4/table_dt_custom.html]
[designreset.com/cork/ltr/demo4/table_dt_range_search.html]
[designreset.com/cork/ltr/demo4/plugins/table/datatable/button-ext/dataTables.buttons.min.js]
[designreset.com/cork/ltr/demo4/plugins/table/datatable/button-ext/jszip.min.js]
[designreset.com/cork/ltr/demo4/plugins/table/datatable/button-ext/buttons.html5.min.js]
[designreset.com/cork/ltr/demo4/plugins/table/datatable/button-ext/buttons.print.min.js]
[designreset.com/cork/ltr/demo4/table_dt_html5.html]
[designreset.com/cork/ltr/demo4/table_dt_live_dom_ordering.html]
[designreset.com/cork/ltr/demo4/plugins/table/datatable/custom_miscellaneous.js]
[designreset.com/cork/ltr/demo4/table_dt_miscellaneous.html]
[designreset.com/cork/ltr/demo4/form_bootstrap_basic.html]
[designreset.com/cork/ltr/demo4/form_input_group_basic.html]
[designreset.com/cork/ltr/demo4/form_layouts.html]
[designreset.com/cork/ltr/demo4/assets/js/forms/bootstrap_validation/bs_validation_script.js]
[designreset.com/cork/ltr/demo4/form_validation.html]
[designreset.com/cork/ltr/demo4/plugins/input-mask/jquery.inputmask.bundle.min.js]
[designreset.com/cork/ltr/demo4/plugins/input-mask/input-mask.js]
[designreset.com/cork/ltr/demo4/form_input_mask.html]
[designreset.com/cork/ltr/demo4/plugins/bootstrap-select/bootstrap-select.min.js]
[designreset.com/cork/ltr/demo4/form_bootstrap_select.html]
[designreset.com/cork/ltr/demo4/plugins/select2/select2.min.js]
[designreset.com/cork/ltr/demo4/plugins/select2/custom-select2.js]
[designreset.com/cork/ltr/demo4/form_select2.html]
[designreset.com/cork/ltr/demo4/plugins/bootstrap-touchspin/jquery.bootstrap-touchspin.min.js]
[designreset.com/cork/ltr/demo4/plugins/bootstrap-touchspin/custom-bootstrap-touchspin.js]
[designreset.com/cork/ltr/demo4/form_bootstrap_touchspin.html]
[designreset.com/cork/ltr/demo4/plugins/bootstrap-maxlength/bootstrap-maxlength.js]
[designreset.com/cork/ltr/demo4/plugins/bootstrap-maxlength/custom-bs-maxlength.js]
[designreset.com/cork/ltr/demo4/form_maxlength.html]
[designreset.com/cork/ltr/demo4/form_checkbox_radio.html]
[designreset.com/cork/ltr/demo4/form_switches.html]
[designreset.com/cork/ltr/demo4/plugins/jquery-step/jquery.steps.min.js]
[designreset.com/cork/ltr/demo4/plugins/jquery-step/custom-jquery.steps.js]
[designreset.com/cork/ltr/demo4/form_wizard.html]
[designreset.com/cork/ltr/demo4/plugins/file-upload/file-upload-with-preview.min.js]
[designreset.com/cork/ltr/demo4/form_fileupload.html]
[designreset.com/cork/ltr/demo4/plugins/editors/quill/custom-quill.js]
[designreset.com/cork/ltr/demo4/form_quill.html]
[designreset.com/cork/ltr/demo4/plugins/editors/markdown/simplemde.min.js]
[designreset.com/cork/ltr/demo4/plugins/editors/markdown/custom-markdown.js]
[designreset.com/cork/ltr/demo4/form_markdown.html]
[designreset.com/cork/ltr/demo4/plugins/noUiSlider/nouislider.min.js]
[designreset.com/cork/ltr/demo4/plugins/flatpickr/custom-flatpickr.js]
[designreset.com/cork/ltr/demo4/plugins/noUiSlider/custom-nouiSlider.js]
[designreset.com/cork/ltr/demo4/plugins/bootstrap-range-Slider/bootstrap-rangeSlider.js]
[designreset.com/cork/ltr/demo4/form_date_range_picker.html]
[designreset.com/cork/ltr/demo4/assets/js/clipboard/clipboard.min.js]
[designreset.com/cork/ltr/demo4/assets/js/forms/custom-clipboard.js]
[designreset.com/cork/ltr/demo4/form_clipboard.html]
[designreset.com/cork/ltr/demo4/plugins/autocomplete/jquery.mockjax.js]
[designreset.com/cork/ltr/demo4/plugins/autocomplete/jquery.autocomplete.js]
[designreset.com/cork/ltr/demo4/plugins/autocomplete/countries.js]
[designreset.com/cork/ltr/demo4/plugins/autocomplete/demo.js]
[designreset.com/cork/ltr/demo4/form_typeahead.html]
[designreset.com/cork/ltr/demo4/plugins/dropify/dropify.min.js]
[designreset.com/cork/ltr/demo4/assets/js/users/account-settings.js]
[designreset.com/cork/ltr/demo4/user_account_setting.html]
[designreset.com/cork/ltr/demo4/assets/js/pages/helpdesk.js]
[designreset.com/cork/ltr/demo4/pages_helpdesk.html]
[designreset.com/cork/ltr/demo4/pages_contact_us.html]
[designreset.com/cork/ltr/demo4/assets/img/masonry-blog-style-3.jpg]
[designreset.com/cork/ltr/demo4/assets/img/list-blog-style-3.jpg]
[designreset.com/cork/ltr/demo4/assets/img/masonry-blog-style-4.jpg]
[designreset.com/cork/ltr/demo4/assets/js/pages/faq/faq.js]
[designreset.com/cork/ltr/demo4/pages_faq.html]
[designreset.com/cork/ltr/demo4/assets/js/pages/faq/faq2.js]
[designreset.com/cork/ltr/demo4/pages_faq2.html]
[designreset.com/cork/ltr/demo4/pages_privacy.html]
[designreset.com/cork/ltr/demo4/assets/js/pages/coming-soon/coming-soon.js]
[designreset.com/cork/ltr/demo4/pages_coming_soon.html]
[designreset.com/cork/ltr/demo4/pages_error404.html]
[designreset.com/cork/ltr/demo4/pages_error500.html]
[designreset.com/cork/ltr/demo4/pages_error503.html]
[designreset.com/cork/ltr/demo4/pages_maintenence.html]
[designreset.com/cork/ltr/demo4/assets/js/authentication/form-2.js]
[designreset.com/cork/ltr/demo4/auth_login_boxed.html]
[designreset.com/cork/ltr/demo4/auth_register_boxed.html]
[designreset.com/cork/ltr/demo4/auth_lockscreen_boxed.html]
[designreset.com/cork/ltr/demo4/auth_pass_recovery_boxed.html]
[designreset.com/cork/ltr/demo4/auth_register.html]
[designreset.com/cork/ltr/demo4/auth_pass_recovery.html]
[designreset.com/cork/ltr/demo4/assets/img/drag-4.jpg]
[designreset.com/cork/ltr/demo4/assets/img/g-7.png]
[designreset.com/cork/ltr/demo4/assets/img/drag-2.jpg]
[designreset.com/cork/ltr/demo4/assets/img/p7.jpg]
[designreset.com/cork/ltr/demo4/assets/img/drag-1.jpg]
[designreset.com/cork/ltr/demo4/assets/img/p9.jpg]
[designreset.com/cork/ltr/demo4/assets/img/p6.jpg]
[designreset.com/cork/ltr/demo4/assets/img/delete-user-15.jpg]
[designreset.com/cork/ltr/demo4/assets/img/delete-user-11.jpg]
[designreset.com/cork/ltr/demo4/assets/img/delete-user-12.jpg]
[designreset.com/cork/ltr/demo4/assets/img/delete-user-16.jpg]
[designreset.com/cork/ltr/demo4/assets/img/dragp-1.jpg]
[designreset.com/cork/ltr/demo4/assets/img/dragp-7.jpg]
[designreset.com/cork/ltr/demo4/assets/img/dragp-4.jpg]
[designreset.com/cork/ltr/demo4/assets/img/dragp-6.jpg]
[designreset.com/cork/ltr/demo4/plugins/drag-and-drop/dragula/dragula.min.js]
[designreset.com/cork/ltr/demo4/plugins/drag-and-drop/dragula/custom-dragula.js]
[designreset.com/cork/ltr/demo4/dragndrop_dragula.html]
[designreset.com/cork/ltr/demo4/plugins/jvector/jquery-jvectormap-2.0.3.min.js]
[designreset.com/cork/ltr/demo4/plugins/jvector/africa/jquery-jvectormap-africa-en.js]
[designreset.com/cork/ltr/demo4/plugins/jvector/asia/jquery-jvectormap-asia-en.js]
[designreset.com/cork/ltr/demo4/plugins/jvector/continents/jquery-jvectormap-continents-en.js]
[designreset.com/cork/ltr/demo4/plugins/jvector/europe/jquery-jvectormap-europe-en.js]
[designreset.com/cork/ltr/demo4/plugins/jvector/north_america/jquery-jvectormap-north-america-en.js]
[designreset.com/cork/ltr/demo4/plugins/jvector/oceania/jquery-jvectormap-oceanina-en.js]
[designreset.com/cork/ltr/demo4/plugins/jvector/south-america/jquery-jvectormap-south-america-en.js]
[designreset.com/cork/ltr/demo4/plugins/jvector/worldmap_script/jquery-jvectormap-world-mill-en.js]
[designreset.com/cork/ltr/demo4/plugins/jvector/jvector_script.js]
[designreset.com/cork/ltr/demo4/map_jvector.html]
[designreset.com/cork/ltr/demo4/plugins/apex/custom-apexcharts.js]
[designreset.com/cork/ltr/demo4/charts_apex.html]
[designreset.com/cork/ltr/demo4/starter_kit_blank_page.html]
[designreset.com/cork/ltr/demo4/starter_kit_breadcrumbs.html]
[designreset.com/cork/ltr/demo4/starter_kit_boxed.html]
[designreset.com/cork/ltr/demo4/starter_kit_alt_menu.html]
[designreset.com/cork/ltr/demo4/assets/img/arrow-down.png]
[designreset.com/cork/ltr/demo4/assets/css/main.css]
[designreset.com/cork/ltr/demo4/plugins/perfect-scrollbar/perfect-scrollbar.css]
[designreset.com/cork/ltr/demo4/assets/css/structure.css]
[designreset.com/cork/ltr/demo4/plugins/highlight/styles/monokai-sublime.css]
[designreset.com/cork/ltr/demo4/assets/css/users/user-profile.css]
[designreset.com/cork/ltr/demo4/plugins/editors/quill/quill.snow.css]
[designreset.com/cork/ltr/demo4/assets/css/apps/mailbox.css]
[designreset.com/cork/ltr/demo4/plugins/sweetalerts/sweetalert2.min.css]
[designreset.com/cork/ltr/demo4/plugins/sweetalerts/sweetalert.css]
[designreset.com/cork/ltr/demo4/plugins/notification/snackbar/snackbar.min.css]
[cdn.pixabay.com/photo/2015/12/10/16/39/shield-1086703_960_720.png]
[designreset.com/cork/ltr/demo4/assets/css/authentication/form-1.css]
[designreset.com/cork/ltr/demo4/assets/css/forms/theme-checkbox-radio.css]
[designreset.com/cork/ltr/demo4/assets/css/forms/switches.css]
[designreset.com/cork/ltr/demo4/assets/css/dashboard/dash_2.css]
[designreset.com/cork/ltr/demo4/assets/img/bg.png]
[designreset.com/cork/ltr/demo4/assets/img/video-chat-2.jpg]
[designreset.com/cork/ltr/demo4/assets/css/apps/mailing-chat.css]
[designreset.com/cork/ltr/demo4/assets/css/apps/todolist.css]
[designreset.com/cork/ltr/demo4/assets/css/apps/notes.css]
[designreset.com/cork/ltr/demo4/assets/css/apps/scrumboard.css]
[designreset.com/cork/ltr/demo4/assets/img/scrumboard-upload-img.svg]
[designreset.com/cork/ltr/demo4/plugins/jquery-ui/images/ui-icons_444444_256x240.png]
[designreset.com/cork/ltr/demo4/plugins/jquery-ui/images/ui-icons_555555_256x240.png]
[designreset.com/cork/ltr/demo4/plugins/jquery-ui/images/ui-icons_ffffff_256x240.png]
[designreset.com/cork/ltr/demo4/plugins/jquery-ui/images/ui-icons_777620_256x240.png]
[designreset.com/cork/ltr/demo4/plugins/jquery-ui/images/ui-icons_cc0000_256x240.png]
[designreset.com/cork/ltr/demo4/plugins/jquery-ui/images/ui-icons_777777_256x240.png]
[designreset.com/cork/ltr/demo4/plugins/jquery-ui/jquery-ui.min.css]
[designreset.com/cork/ltr/demo4/assets/css/apps/contacts.css]
[designreset.com/cork/ltr/demo4/assets/css/apps/invoice.css]
[designreset.com/cork/ltr/demo4/plugins/fullcalendar/fullcalendar.css]
[designreset.com/cork/ltr/demo4/plugins/fullcalendar/custom-fullcalendar.advance.css]
[designreset.com/cork/ltr/demo4/plugins/flatpickr/flatpickr.css]
[designreset.com/cork/ltr/demo4/plugins/flatpickr/custom-flatpickr.css]
[designreset.com/cork/ltr/demo4/assets/css/scrollspyNav.css]
[designreset.com/cork/ltr/demo4/assets/css/components/tabs-accordian/custom-tabs.css]
[designreset.com/cork/ltr/demo4/assets/css/components/tabs-accordian/custom-accordions.css]
[designreset.com/cork/ltr/demo4/plugins/animate/animate.css]
[designreset.com/cork/ltr/demo4/assets/css/components/custom-modal.css]
[designreset.com/cork/ltr/demo4/assets/css/components/cards/card.css]
[designreset.com/cork/ltr/demo4/assets/css/components/custom-carousel.css]
[designreset.com/cork/ltr/demo4/assets/css/components/custom-countdown.css]
[designreset.com/cork/ltr/demo4/assets/css/components/custom-counter.css]
[designreset.com/cork/ltr/demo4/assets/css/components/custom-sweetalert.css]
[designreset.com/cork/ltr/demo4/assets/css/components/timeline/custom-timeline.css]
[designreset.com/cork/ltr/demo4/assets/css/components/custom-media_object.css]
[designreset.com/cork/ltr/demo4/assets/css/components/custom-list-group.css]
[designreset.com/cork/ltr/demo4/plugins/pricing-table/css/component.css]
[designreset.com/cork/ltr/demo4/plugins/lightbox/photoswipe.css]
[designreset.com/cork/ltr/demo4/plugins/lightbox/default-skin/default-skin.png]
[designreset.com/cork/ltr/demo4/plugins/lightbox/default-skin/preloader.gif]
[designreset.com/cork/ltr/demo4/plugins/lightbox/default-skin/default-skin.css]
[designreset.com/cork/ltr/demo4/plugins/lightbox/custom-photswipe.css]
[designreset.com/cork/ltr/demo4/assets/img/ab-1.jpg]
[designreset.com/cork/ltr/demo4/assets/css/elements/alert.css]
[designreset.com/cork/ltr/demo4/assets/css/elements/avatar.css]
[designreset.com/cork/ltr/demo4/plugins/tagInput/tags-input.css]
[designreset.com/cork/ltr/demo4/assets/css/elements/miscellaneous.css]
[designreset.com/cork/ltr/demo4/assets/css/elements/breadcrumb.css]
[designreset.com/cork/ltr/demo4/assets/css/elements/color_library.css]
[designreset.com/cork/ltr/demo4/assets/css/elements/infobox.css]
[designreset.com/cork/ltr/demo4/plugins/loaders/custom-loader.css]
[designreset.com/cork/ltr/demo4/assets/css/elements/custom-pagination.css]
[designreset.com/cork/ltr/demo4/assets/css/elements/popover.css]
[designreset.com/cork/ltr/demo4/assets/css/elements/search.css]
[designreset.com/cork/ltr/demo4/assets/css/elements/tooltip.css]
[designreset.com/cork/ltr/demo4/assets/css/elements/custom-tree_view.css]
[designreset.com/cork/ltr/demo4/assets/css/elements/custom-typography.css]
[designreset.com/cork/ltr/demo4/plugins/font-icons/fontawesome/webfonts/fa-regular-400.eot]
[designreset.com/cork/ltr/demo4/plugins/font-icons/fontawesome/webfonts/fa-regular-400d41d.eot]
[designreset.com/cork/ltr/demo4/plugins/font-icons/fontawesome/webfonts/fa-regular-400.woff2]
[designreset.com/cork/ltr/demo4/plugins/font-icons/fontawesome/webfonts/fa-regular-400.woff]
[designreset.com/cork/ltr/demo4/plugins/font-icons/fontawesome/webfonts/fa-regular-400.ttf]
[designreset.com/cork/ltr/demo4/plugins/font-icons/fontawesome/css/regular.css]
[designreset.com/cork/ltr/demo4/plugins/font-icons/fontawesome/css/fontawesome.css]
[designreset.com/cork/ltr/demo4/assets/css/widgets/modules-widgets.css]
[designreset.com/cork/ltr/demo4/assets/css/tables/table-basic.css]
[designreset.com/cork/ltr/demo4/plugins/table/datatable/datatables.css]
[designreset.com/cork/ltr/demo4/plugins/table/datatable/dt-global_style.css]
[designreset.com/cork/ltr/demo4/plugins/table/datatable/datatables-dark.css]
[designreset.com/cork/ltr/demo4/plugins/table/datatable/dt-global_style-dark.css]
[designreset.com/cork/ltr/demo4/plugins/table/datatable/custom_dt_multiple_tables.css]
[designreset.com/cork/ltr/demo4/plugins/table/datatable/custom_dt_custom.css]
[designreset.com/cork/ltr/demo4/plugins/table/datatable/custom_dt_html5.css]
[designreset.com/cork/ltr/demo4/plugins/table/datatable/custom_dt_miscellaneous.css]
[designreset.com/cork/ltr/demo4/plugins/bootstrap-select/bootstrap-select.min.css]
[designreset.com/cork/ltr/demo4/plugins/select2/select2.min.css]
[designreset.com/cork/ltr/demo4/plugins/bootstrap-touchspin/jquery.bootstrap-touchspin.min.css]
[designreset.com/cork/ltr/demo4/plugins/jquery-step/jquery.steps.css]
[designreset.com/cork/ltr/demo4/plugins/file-upload/file-upload-with-preview.min.css]
[designreset.com/cork/ltr/demo4/plugins/editors/markdown/simplemde.min.css]
[designreset.com/cork/ltr/demo4/plugins/noUiSlider/nouislider.min.css]
[designreset.com/cork/ltr/demo4/plugins/noUiSlider/custom-nouiSlider.css]
[designreset.com/cork/ltr/demo4/plugins/bootstrap-range-Slider/bootstrap-slider.css]
[designreset.com/cork/ltr/demo4/assets/css/forms/custom-clipboard.css]
[designreset.com/cork/ltr/demo4/plugins/autocomplete/autocomplete.css]
[designreset.com/cork/ltr/demo4/plugins/dropify/fonts/dropify.eot]
[designreset.com/cork/ltr/demo4/plugins/dropify/fonts/dropify.woff]
[designreset.com/cork/ltr/demo4/plugins/dropify/fonts/dropify.ttf]
[designreset.com/cork/ltr/demo4/plugins/dropify/dropify.min.css]
[designreset.com/cork/ltr/demo4/assets/css/users/account-setting.css]
[designreset.com/cork/ltr/demo4/assets/css/pages/helpdesk.css]
[designreset.com/cork/ltr/demo4/assets/css/pages/contact_us.css]
[designreset.com/cork/ltr/demo4/assets/css/pages/faq/faq.css]
[designreset.com/cork/ltr/demo4/assets/img/faq.svg]
[designreset.com/cork/ltr/demo4/assets/css/pages/faq/faq2.css]
[designreset.com/cork/ltr/demo4/assets/css/pages/privacy/privacy.css]
[designreset.com/cork/ltr/demo4/assets/css/pages/coming-soon/style.css]
[designreset.com/cork/ltr/demo4/assets/img/mindset.svg]
[designreset.com/cork/ltr/demo4/assets/css/pages/error/style-400.css]
[designreset.com/cork/ltr/demo4/assets/img/logo2.svg]
[designreset.com/cork/ltr/demo4/assets/css/pages/error/style-500.css]
[designreset.com/cork/ltr/demo4/assets/css/pages/error/style-503.css]
[designreset.com/cork/ltr/demo4/assets/css/pages/error/style-maintanence.css]
[designreset.com/cork/ltr/demo4/assets/css/authentication/form-2.css]
[designreset.com/cork/ltr/demo4/plugins/drag-and-drop/dragula/dragula.css]
[designreset.com/cork/ltr/demo4/plugins/drag-and-drop/dragula/example.css]
[designreset.com/cork/ltr/demo4/plugins/jvector/jquery-jvectormap-2.0.3.css]
[designreset.com/cork/ltr/demo4/plugins/lightbox/default-skin/default-skin.svg]
[designreset.com/cork/ltr/demo4/plugins/font-icons/fontawesome/webfonts/fa-regular-400.svg]
[designreset.com/cork/ltr/demo4/plugins/dropify/fonts/dropify.svg]
